// Jest Snapshot v1, https://goo.gl/fbAQLP

exports[`Analytics Analytics 1`] = `"[object Object]"`;
